// Jest Snapshot v1, https://goo.gl/fbAQLP

exports[`About renders card component 1`] = `
<footerstyles__FooterWrapper>
  <footerstyles__Hr />
  <footerstyles__ContentContainer>
    <footerstyles__LinkContainer>
      <Link
        href="/disclaimer#privacy"
      >
        <a>
          privacy
        </a>
      </Link>
      <Link
        href="/disclaimer#acknowledgements"
      >
        <a>
          acknowledgements
        </a>
      </Link>
      <Link
        href="/disclaimer#imprint"
      >
        <a>
          imprint
        </a>
      </Link>
    </footerstyles__LinkContainer>
    <footerstyles__GitHubIcon
      href="https://github.com/eegli/eric.film"
      rel="noopener noreferrer nofollow"
      target="_blank"
    >
      <FaGithub />
    </footerstyles__GitHubIcon>
  </footerstyles__ContentContainer>
</footerstyles__FooterWrapper>
`;
