// Jest Snapshot v1, https://goo.gl/fbAQLP

exports[`Markdown renders markdown content 1`] = `
<markdownstyles__StyledMD
  renderers={
    Object {
      "code": [Function],
      "image": [Function],
      "link": [Function],
    }
  }
  source="Fin oui eut sillons oui fausser encourt station souffle.Fin oui eut sillons oui fausser encourt station souffle.Fin oui eut sillons oui fausser encourt station souffle.Fin oui eut sillons oui fausser encourt station souffle.Fin oui eut sillons oui fausser encourt station souffle.Fin oui eut sillons oui fausser encourt station souffle.Fin oui eut sillons oui fausser encourt station souffle"
/>
`;
