// Jest Snapshot v1, https://goo.gl/fbAQLP

exports[`Markdown renders markdown content 1`] = `
.c0 {
  background-color: #222222;
  font-family: 'Droid Sans',sans-serif;
  font-weight: 400;
  font-style: normal;
  margin-top: 1rem;
  line-height: 1.7rem;
  color: #f7f7f7;
}

.c0 > * {
  padding: 0 1rem;
}

.c0 code {
  padding: 0;
}

.c0 li {
  margin: 0 1rem;
  font-size: 16px;
}

.c0 p {
  font-size: 16px;
}

.c0 h1 {
  margin-top: 2.5rem;
  padding: 0;
  color: #121212;
}

.c0 h1 span {
  display: inline-block;
  padding: 0 0.4rem 0 1rem;
  background-color: #feb8ce;
  line-height: 1.8;
}

.c0 code {
  color: #feb8ce;
}

.c0 a {
  color: #f7f7f7;
  -webkit-text-decoration: underline;
  text-decoration: underline;
  cursor: pointer;
}

.c0 img {
  max-width: 100%;
  max-height: 100%;
  display: block;
  margin: 0.5rem auto;
  padding: 0;
}

.c0 blockquote {
  background: #222222;
  border-left: 4px solid #f7f7f7;
  margin: 1.5rem 2rem;
  padding: 0.5em 10px;
  color: #f7f7f7;
}

.c0 blockquote p {
  display: inline;
}

.c0 blockquote:before {
  content: open-quote;
  font-size: 2em;
  line-height: 0.1em;
  margin-right: 0.25em;
  vertical-align: -0.4em;
}

<Component
  theme={
    Object {
      "breakpoints": Object {
        "large": "1200px",
        "medium": "960px",
        "small": "830px",
        "xsmall": "700px",
      },
      "colors": Object {
        "accents": Object {
          "brightBlue": "#365952",
          "eggshell": "#53272D",
          "melon": "#034363",
        },
        "bgPrimary": "#121212",
        "bgSecondary": "#222222",
        "bgTertiary": "#3b3b3b",
        "pink": "#feb8ce",
        "textPrimary": "#f7f7f7",
        "textSecondary": "#E0E0E0",
        "textTertiary": "#8F8F8F",
      },
      "fontsizes": Object {
        "baseFontSize": "16px",
        "baseIconFontSize": "18px",
        "blogFontSize": "18px",
        "h1FontSize": "22px",
        "h2FontSize": "20px",
        "secondaryFontSize": "14px",
      },
      "transpaparency": Object {
        "opa10": "1A",
        "opa20": "33",
        "opa30": "4D",
        "opa40": "66",
        "opa50": "80",
        "opa60": "99",
        "opa70": "BF",
        "opa80": "CC",
        "opa90": "E6",
        "opa95": "F2",
      },
    }
  }
>
   
  <Markdown
    content="Der Bundesrat plant eine weitere Lockerung der Corona-Massnahmen. 👀 So sollen Veranstaltungen bis 1000 Personen zugelassen werden. Auch die Polizeistunde soll fallen.
# H1 Header
## H2 Header
### H3 Header
#### H4 Header
# First, let me show you how I write code
  
  This is the Blog Content and it's a code block
  
  \`\`\`jsx
  const BlogContent = ({ title, excerpt, content }) => {
    return (
      <BlogPostContainer>
        <BlogPostTitle>{title}</BlogPostTitle>
        <BlogPostExcerpt>{excerpt}</BlogPostExcerpt>
        <StyledMD
          renderers={{
            code: CodeBlock,
          }}
          source={content}
        />
      </BlogPostContainer>
    );
  };
  \`\`\`
  
  For this, I use a package called \`react-markdown\`. Can you see how this was inline-code?
  # What about a table?
  
  Text
  # Here is a unordered list and this is a h1
  
  This list has content. Das hat der Bundesrat beschlossen:
  
  - Ab kommenden Montag ist fast alles so wie früher. Der Bundesrat hebt angesichts der guten Entwicklung fast alle Corona-Massnahmen auf.
  - Veranstaltungen bis 1000 Personen sind ab Montag wieder erlaubt. Das Verbot für Events mit über 1000 Teilnehmern bleibt wie schon seit Längerem angekündigt noch bis Ende August bestehen.
  - Die Abstandsregel wird gelockert. Neu empfiehlt der Bundesrat nicht mehr einen Abstand von 2, sondern 1,5 Metern. Die Regierung hat ausserdem die Vorgaben für die Schutzkonzepte vereinfacht und vereinheitlicht. Es gelten jetzt für alle die gleichen Richtlinien.
  
# What about a checklist?
  
  - [x] To be done
  - [ ] To be completed
  - [x] Not done!
  
# Here is a numbered list and this is a h1
  
  1. This list has content. Das hat der Bundesrat beschlossen:
  2. Ab kommenden Montag ist fast alles so wie früher. Der Bundesrat hebt angesichts der guten Entwicklung fast alle Corona-Massnahmen auf.
  3. Veranstaltungen bis 1000 Personen sind ab Montag wieder erlaubt. Das Verbot für Events mit über 1000 Teilnehmern bleibt wie schon seit Längerem angekündigt noch bis Ende August bestehen.
  4. Die Abstandsregel wird gelockert. Neu empfiehlt der Bundesrat nicht mehr einen Abstand von 2, sondern 1,5 Metern. Die Regierung hat ausserdem die Vorgaben für die Schutzkonzepte vereinfacht und vereinheitlicht. Es gelten jetzt für alle die gleichen Richtlinien.
  
# This section has different text styles applied to it and this is a h1
  
  Überall habe ein **Lernprozess** stattgefunden, auch bei den _Kantonen_, sagt Bundespräsidentin Sommaruga auf die Frage, ob sie keine Angst hat, dass die Kantone überfordert sein werden. «_Dieser Lernprozess hilft jetzt, Entscheidungen zu fällen.» Sie gibt sich zuversichtlich._ «Jetzt mit 10 bis 35 Ansteckungen pro Tag macht es Sinn, gezielt einzugreifen.» Der Bund ~~verschwinde aber nicht einfach~~, man habe ein Monitoring und sei in einer «viel besseren Ausgangslage».
  
# This section will be a citation and is a h1
  
  Gleichzeitig mit den Lockerungen wird auch die Homeoffice-Empfehlung gelockert, auch für die besonders gefährdeten Gruppen. Die seien nicht weniger gut geschützt, sagt Bundespräsidentin Sommaruga. Die Arbeitgeber hätten unverändert eine Fürsorge.
  
  > «Da hat sich nichts geändert.»
  
  Berset ergänzt, dass der Abstand oder die Maske für alle gelte – also auch am Arbeitsplatz.
  
# Abstand halten, Masken oder andere Verhaltensregeln und ein Link...
  
  ...werden erst fallen, wenn es eine Impfung oder eine gute Behandlung gibt, sagt Alain Berset. Auch die 1,5 Meter Abstandsregeln sei notwendig. 1 Meter sei schon normal und es brauche einen zusätzlichen Abstand als im Normalfall. [Ich arbeite beim Blick](https://www.blick.ch). Das ist eine Newsagentur.
  
# Here is an image

![6288344351929447784604DJI_0017-1024x767.jpg](https://media.graphcms.com/xeBuhftsQPS4AxuxewLU)

And last but not least, **phatt text!**
  "
  >
    <markdownstyles__StyledMD
      renderers={
        Object {
          "code": [Function],
          "heading": [Function],
          "image": [Function],
          "link": [Function],
        }
      }
      source="Der Bundesrat plant eine weitere Lockerung der Corona-Massnahmen. 👀 So sollen Veranstaltungen bis 1000 Personen zugelassen werden. Auch die Polizeistunde soll fallen.
# H1 Header
## H2 Header
### H3 Header
#### H4 Header
# First, let me show you how I write code
  
  This is the Blog Content and it's a code block
  
  \`\`\`jsx
  const BlogContent = ({ title, excerpt, content }) => {
    return (
      <BlogPostContainer>
        <BlogPostTitle>{title}</BlogPostTitle>
        <BlogPostExcerpt>{excerpt}</BlogPostExcerpt>
        <StyledMD
          renderers={{
            code: CodeBlock,
          }}
          source={content}
        />
      </BlogPostContainer>
    );
  };
  \`\`\`
  
  For this, I use a package called \`react-markdown\`. Can you see how this was inline-code?
  # What about a table?
  
  Text
  # Here is a unordered list and this is a h1
  
  This list has content. Das hat der Bundesrat beschlossen:
  
  - Ab kommenden Montag ist fast alles so wie früher. Der Bundesrat hebt angesichts der guten Entwicklung fast alle Corona-Massnahmen auf.
  - Veranstaltungen bis 1000 Personen sind ab Montag wieder erlaubt. Das Verbot für Events mit über 1000 Teilnehmern bleibt wie schon seit Längerem angekündigt noch bis Ende August bestehen.
  - Die Abstandsregel wird gelockert. Neu empfiehlt der Bundesrat nicht mehr einen Abstand von 2, sondern 1,5 Metern. Die Regierung hat ausserdem die Vorgaben für die Schutzkonzepte vereinfacht und vereinheitlicht. Es gelten jetzt für alle die gleichen Richtlinien.
  
# What about a checklist?
  
  - [x] To be done
  - [ ] To be completed
  - [x] Not done!
  
# Here is a numbered list and this is a h1
  
  1. This list has content. Das hat der Bundesrat beschlossen:
  2. Ab kommenden Montag ist fast alles so wie früher. Der Bundesrat hebt angesichts der guten Entwicklung fast alle Corona-Massnahmen auf.
  3. Veranstaltungen bis 1000 Personen sind ab Montag wieder erlaubt. Das Verbot für Events mit über 1000 Teilnehmern bleibt wie schon seit Längerem angekündigt noch bis Ende August bestehen.
  4. Die Abstandsregel wird gelockert. Neu empfiehlt der Bundesrat nicht mehr einen Abstand von 2, sondern 1,5 Metern. Die Regierung hat ausserdem die Vorgaben für die Schutzkonzepte vereinfacht und vereinheitlicht. Es gelten jetzt für alle die gleichen Richtlinien.
  
# This section has different text styles applied to it and this is a h1
  
  Überall habe ein **Lernprozess** stattgefunden, auch bei den _Kantonen_, sagt Bundespräsidentin Sommaruga auf die Frage, ob sie keine Angst hat, dass die Kantone überfordert sein werden. «_Dieser Lernprozess hilft jetzt, Entscheidungen zu fällen.» Sie gibt sich zuversichtlich._ «Jetzt mit 10 bis 35 Ansteckungen pro Tag macht es Sinn, gezielt einzugreifen.» Der Bund ~~verschwinde aber nicht einfach~~, man habe ein Monitoring und sei in einer «viel besseren Ausgangslage».
  
# This section will be a citation and is a h1
  
  Gleichzeitig mit den Lockerungen wird auch die Homeoffice-Empfehlung gelockert, auch für die besonders gefährdeten Gruppen. Die seien nicht weniger gut geschützt, sagt Bundespräsidentin Sommaruga. Die Arbeitgeber hätten unverändert eine Fürsorge.
  
  > «Da hat sich nichts geändert.»
  
  Berset ergänzt, dass der Abstand oder die Maske für alle gelte – also auch am Arbeitsplatz.
  
# Abstand halten, Masken oder andere Verhaltensregeln und ein Link...
  
  ...werden erst fallen, wenn es eine Impfung oder eine gute Behandlung gibt, sagt Alain Berset. Auch die 1,5 Meter Abstandsregeln sei notwendig. 1 Meter sei schon normal und es brauche einen zusätzlichen Abstand als im Normalfall. [Ich arbeite beim Blick](https://www.blick.ch). Das ist eine Newsagentur.
  
# Here is an image

![6288344351929447784604DJI_0017-1024x767.jpg](https://media.graphcms.com/xeBuhftsQPS4AxuxewLU)

And last but not least, **phatt text!**
  "
    >
      <ReactMarkdown
        astPlugins={Array []}
        className="c0"
        escapeHtml={true}
        parserOptions={Object {}}
        plugins={Array []}
        rawSourcePos={false}
        renderers={
          Object {
            "code": [Function],
            "heading": [Function],
            "image": [Function],
            "link": [Function],
          }
        }
        skipHtml={false}
        source="Der Bundesrat plant eine weitere Lockerung der Corona-Massnahmen. 👀 So sollen Veranstaltungen bis 1000 Personen zugelassen werden. Auch die Polizeistunde soll fallen.
# H1 Header
## H2 Header
### H3 Header
#### H4 Header
# First, let me show you how I write code
  
  This is the Blog Content and it's a code block
  
  \`\`\`jsx
  const BlogContent = ({ title, excerpt, content }) => {
    return (
      <BlogPostContainer>
        <BlogPostTitle>{title}</BlogPostTitle>
        <BlogPostExcerpt>{excerpt}</BlogPostExcerpt>
        <StyledMD
          renderers={{
            code: CodeBlock,
          }}
          source={content}
        />
      </BlogPostContainer>
    );
  };
  \`\`\`
  
  For this, I use a package called \`react-markdown\`. Can you see how this was inline-code?
  # What about a table?
  
  Text
  # Here is a unordered list and this is a h1
  
  This list has content. Das hat der Bundesrat beschlossen:
  
  - Ab kommenden Montag ist fast alles so wie früher. Der Bundesrat hebt angesichts der guten Entwicklung fast alle Corona-Massnahmen auf.
  - Veranstaltungen bis 1000 Personen sind ab Montag wieder erlaubt. Das Verbot für Events mit über 1000 Teilnehmern bleibt wie schon seit Längerem angekündigt noch bis Ende August bestehen.
  - Die Abstandsregel wird gelockert. Neu empfiehlt der Bundesrat nicht mehr einen Abstand von 2, sondern 1,5 Metern. Die Regierung hat ausserdem die Vorgaben für die Schutzkonzepte vereinfacht und vereinheitlicht. Es gelten jetzt für alle die gleichen Richtlinien.
  
# What about a checklist?
  
  - [x] To be done
  - [ ] To be completed
  - [x] Not done!
  
# Here is a numbered list and this is a h1
  
  1. This list has content. Das hat der Bundesrat beschlossen:
  2. Ab kommenden Montag ist fast alles so wie früher. Der Bundesrat hebt angesichts der guten Entwicklung fast alle Corona-Massnahmen auf.
  3. Veranstaltungen bis 1000 Personen sind ab Montag wieder erlaubt. Das Verbot für Events mit über 1000 Teilnehmern bleibt wie schon seit Längerem angekündigt noch bis Ende August bestehen.
  4. Die Abstandsregel wird gelockert. Neu empfiehlt der Bundesrat nicht mehr einen Abstand von 2, sondern 1,5 Metern. Die Regierung hat ausserdem die Vorgaben für die Schutzkonzepte vereinfacht und vereinheitlicht. Es gelten jetzt für alle die gleichen Richtlinien.
  
# This section has different text styles applied to it and this is a h1
  
  Überall habe ein **Lernprozess** stattgefunden, auch bei den _Kantonen_, sagt Bundespräsidentin Sommaruga auf die Frage, ob sie keine Angst hat, dass die Kantone überfordert sein werden. «_Dieser Lernprozess hilft jetzt, Entscheidungen zu fällen.» Sie gibt sich zuversichtlich._ «Jetzt mit 10 bis 35 Ansteckungen pro Tag macht es Sinn, gezielt einzugreifen.» Der Bund ~~verschwinde aber nicht einfach~~, man habe ein Monitoring und sei in einer «viel besseren Ausgangslage».
  
# This section will be a citation and is a h1
  
  Gleichzeitig mit den Lockerungen wird auch die Homeoffice-Empfehlung gelockert, auch für die besonders gefährdeten Gruppen. Die seien nicht weniger gut geschützt, sagt Bundespräsidentin Sommaruga. Die Arbeitgeber hätten unverändert eine Fürsorge.
  
  > «Da hat sich nichts geändert.»
  
  Berset ergänzt, dass der Abstand oder die Maske für alle gelte – also auch am Arbeitsplatz.
  
# Abstand halten, Masken oder andere Verhaltensregeln und ein Link...
  
  ...werden erst fallen, wenn es eine Impfung oder eine gute Behandlung gibt, sagt Alain Berset. Auch die 1,5 Meter Abstandsregeln sei notwendig. 1 Meter sei schon normal und es brauche einen zusätzlichen Abstand als im Normalfall. [Ich arbeite beim Blick](https://www.blick.ch). Das ist eine Newsagentur.
  
# Here is an image

![6288344351929447784604DJI_0017-1024x767.jpg](https://media.graphcms.com/xeBuhftsQPS4AxuxewLU)

And last but not least, **phatt text!**
  "
        sourcePos={false}
        transformLinkUri={[Function]}
      >
        <Root
          className="c0"
          key="root-1-1-0"
        >
          <div
            className="c0"
          >
            <p
              key="paragraph-1-1-0"
            >
              <TextRenderer
                key="text-1-1-0"
                nodeKey="text-1-1-0"
                value="Der Bundesrat plant eine weitere Lockerung der Corona-Massnahmen. 👀 So sollen Veranstaltungen bis 1000 Personen zugelassen werden. Auch die Polizeistunde soll fallen."
              >
                Der Bundesrat plant eine weitere Lockerung der Corona-Massnahmen. 👀 So sollen Veranstaltungen bis 1000 Personen zugelassen werden. Auch die Polizeistunde soll fallen.
              </TextRenderer>
            </p>
            <Headings
              key="heading-2-1-1"
              level={1}
            >
              <h1>
                <span>
                  <TextRenderer
                    key="text-2-3-0"
                    nodeKey="text-2-3-0"
                    value="H1 Header"
                  >
                    H1 Header
                  </TextRenderer>
                </span>
              </h1>
            </Headings>
            <Headings
              key="heading-3-1-2"
              level={2}
            >
              <h2>
                <span>
                  <TextRenderer
                    key="text-3-4-0"
                    nodeKey="text-3-4-0"
                    value="H2 Header"
                  >
                    H2 Header
                  </TextRenderer>
                </span>
              </h2>
            </Headings>
            <Headings
              key="heading-4-1-3"
              level={3}
            >
              <h3>
                <span>
                  <TextRenderer
                    key="text-4-5-0"
                    nodeKey="text-4-5-0"
                    value="H3 Header"
                  >
                    H3 Header
                  </TextRenderer>
                </span>
              </h3>
            </Headings>
            <Headings
              key="heading-5-1-4"
              level={4}
            >
              <h4>
                <span>
                  <TextRenderer
                    key="text-5-6-0"
                    nodeKey="text-5-6-0"
                    value="H4 Header"
                  >
                    H4 Header
                  </TextRenderer>
                </span>
              </h4>
            </Headings>
            <Headings
              key="heading-6-1-5"
              level={1}
            >
              <h1>
                <span>
                  <TextRenderer
                    key="text-6-3-0"
                    nodeKey="text-6-3-0"
                    value="First, let me show you how I write code"
                  >
                    First, let me show you how I write code
                  </TextRenderer>
                </span>
              </h1>
            </Headings>
            <p
              key="paragraph-8-1-6"
            >
              <TextRenderer
                key="text-8-1-0"
                nodeKey="text-8-1-0"
                value="  This is the Blog Content and it's a code block"
              >
                  This is the Blog Content and it's a code block
              </TextRenderer>
            </p>
            <CodeBlock
              key="code-10-1-7"
              language="jsx"
              value="const BlogContent = ({ title, excerpt, content }) => {
  return (
    <BlogPostContainer>
      <BlogPostTitle>{title}</BlogPostTitle>
      <BlogPostExcerpt>{excerpt}</BlogPostExcerpt>
      <StyledMD
        renderers={{
          code: CodeBlock,
        }}
        source={content}
      />
    </BlogPostContainer>
  );
};"
            >
              <SyntaxHighlighter
                customStyle={
                  Object {
                    "border": "none",
                    "borderRadius": 0,
                  }
                }
                language="jsx"
                showInlineLineNumbers={true}
                showLineNumbers={true}
                style={
                  Object {
                    ".language-css .token.string": Object {
                      "color": "#e6d06c",
                    },
                    ".style .token.string": Object {
                      "color": "#e6d06c",
                    },
                    ":not(pre) > code[class*=\\"language-\\"]": Object {
                      "background": "#2a2a2a",
                      "border": "0.13em solid #7a6652",
                      "borderRadius": ".3em",
                      "boxShadow": "1px 1px 0.3em -0.1em #000 inset",
                      "padding": "0.15em 0.2em 0.05em",
                    },
                    "atrule": Object {
                      "color": "#ef3b7d",
                    },
                    "attr-name": Object {
                      "color": "#e6d06c",
                    },
                    "attr-value": Object {
                      "color": "#ef3b7d",
                    },
                    "bold": Object {
                      "fontWeight": "bold",
                    },
                    "boolean": Object {
                      "color": "#a77afe",
                    },
                    "cdata": Object {
                      "color": "#6f705e",
                    },
                    "code.language-markup": Object {
                      "color": "#f9f9f9",
                    },
                    "code.language-markup .token.attr-name": Object {
                      "color": "#a6e22d",
                    },
                    "code.language-markup .token.attr-value": Object {
                      "color": "#e6d06c",
                    },
                    "code.language-markup .token.script": Object {
                      "color": "#76d9e6",
                    },
                    "code.language-markup .token.script .token.keyword": Object {
                      "color": "#76d9e6",
                    },
                    "code.language-markup .token.style": Object {
                      "color": "#76d9e6",
                    },
                    "code.language-markup .token.tag": Object {
                      "color": "#ef3b7d",
                    },
                    "code[class*=\\"language-\\"]": Object {
                      "MozHyphens": "none",
                      "MozTabSize": "2",
                      "OTabSize": "2",
                      "WebkitHyphens": "none",
                      "color": "#76d9e6",
                      "fontFamily": "Menlo, Monaco, \\"Courier New\\", monospace",
                      "fontSize": "14px",
                      "hyphens": "none",
                      "msHyphens": "none",
                      "tabSize": "2",
                      "textShadow": "none",
                      "whiteSpace": "pre-wrap",
                      "wordWrap": "normal",
                    },
                    "comment": Object {
                      "color": "#6f705e",
                    },
                    "deleted": Object {
                      "color": "#ef3b7d",
                    },
                    "doctype": Object {
                      "color": "#6f705e",
                    },
                    "entity": Object {
                      "color": "#e6d06c",
                      "cursor": "help",
                    },
                    "important": Object {
                      "color": "#ef3b7d",
                      "fontWeight": "bold",
                    },
                    "inserted": Object {
                      "color": "#a6e22d",
                    },
                    "italic": Object {
                      "fontStyle": "italic",
                    },
                    "keyword": Object {
                      "color": "#ef3b7d",
                    },
                    "namespace": Object {
                      "Opacity": ".7",
                    },
                    "number": Object {
                      "color": "#a77afe",
                    },
                    "operator": Object {
                      "color": "#a77afe",
                    },
                    "placeholder": Object {
                      "color": "#fff",
                    },
                    "pre > code[class*=\\"language-\\"]": Object {
                      "fontSize": "1em",
                    },
                    "pre[class*=\\"language-\\"]": Object {
                      "MozHyphens": "none",
                      "MozTabSize": "2",
                      "OTabSize": "2",
                      "WebkitHyphens": "none",
                      "background": "#2a2a2a",
                      "border": "1px solid #e1e1e8",
                      "borderRadius": "4px",
                      "color": "#76d9e6",
                      "fontFamily": "Menlo, Monaco, \\"Courier New\\", monospace",
                      "fontSize": "14px",
                      "hyphens": "none",
                      "msHyphens": "none",
                      "overflow": "auto",
                      "padding": "15px",
                      "position": "relative",
                      "tabSize": "2",
                      "textShadow": "none",
                      "whiteSpace": "pre-wrap",
                      "wordWrap": "normal",
                    },
                    "pre[class*=\\"language-\\"] code": Object {
                      "display": "block",
                      "whiteSpace": "pre",
                    },
                    "pre[class*=\\"language-\\"][data-line]": Object {
                      "padding": "1em 0 1em 3em",
                      "position": "relative",
                    },
                    "pre[data-line] .line-highlight": Object {
                      "background": "rgba(255, 255, 255, 0.08)",
                      "left": "0",
                      "lineHeight": "inherit",
                      "marginTop": "1em",
                      "padding": "0",
                      "pointerEvents": "none",
                      "position": "absolute",
                      "right": "0",
                      "whiteSpace": "pre",
                    },
                    "pre[data-line] .line-highlight:before": Object {
                      "backgroundColor": "rgba(255, 255, 255, 0.4)",
                      "borderRadius": "999px",
                      "boxShadow": "0 1px 1px rgba(255, 255, 255, 0.7)",
                      "color": "black",
                      "content": "attr(data-start)",
                      "font": "bold 65%/1 sans-serif",
                      "height": "1em",
                      "left": ".6em",
                      "lineHeight": "1em",
                      "minWidth": "1em",
                      "padding": "0.2em 0.5em",
                      "position": "absolute",
                      "textAlign": "center",
                      "textShadow": "none",
                      "top": ".4em",
                    },
                    "pre[data-line] .line-highlight[data-end]:after": Object {
                      "backgroundColor": "rgba(255, 255, 255, 0.4)",
                      "borderRadius": "999px",
                      "bottom": ".4em",
                      "boxShadow": "0 1px 1px rgba(255, 255, 255, 0.7)",
                      "color": "black",
                      "content": "attr(data-end)",
                      "font": "bold 65%/1 sans-serif",
                      "height": "1em",
                      "left": ".6em",
                      "lineHeight": "1em",
                      "minWidth": "1em",
                      "padding": "0.2em 0.5em",
                      "position": "absolute",
                      "textAlign": "center",
                      "textShadow": "none",
                      "top": "auto",
                    },
                    "prolog": Object {
                      "color": "#6f705e",
                    },
                    "punctuation": Object {
                      "color": "#bebec5",
                    },
                    "regex": Object {
                      "color": "#76d9e6",
                    },
                    "selector": Object {
                      "color": "#a6e22d",
                    },
                    "statement": Object {
                      "color": "#76d9e6",
                      "fontWeight": "bold",
                    },
                    "string": Object {
                      "color": "#e6d06c",
                    },
                    "url": Object {
                      "color": "#e6d06c",
                    },
                    "variable": Object {
                      "color": "#fff",
                    },
                  }
                }
              >
                <pre
                  style={
                    Object {
                      "MozHyphens": "none",
                      "MozTabSize": "2",
                      "OTabSize": "2",
                      "WebkitHyphens": "none",
                      "background": "#2a2a2a",
                      "border": "none",
                      "borderRadius": 0,
                      "color": "#76d9e6",
                      "fontFamily": "Menlo, Monaco, \\"Courier New\\", monospace",
                      "fontSize": "14px",
                      "hyphens": "none",
                      "msHyphens": "none",
                      "overflow": "auto",
                      "padding": "15px",
                      "position": "relative",
                      "tabSize": "2",
                      "textShadow": "none",
                      "whiteSpace": "pre-wrap",
                      "wordWrap": "normal",
                    }
                  }
                >
                  <code
                    className="language-jsx"
                    style={
                      Object {
                        "MozHyphens": "none",
                        "MozTabSize": "2",
                        "OTabSize": "2",
                        "WebkitHyphens": "none",
                        "color": "#76d9e6",
                        "fontFamily": "Menlo, Monaco, \\"Courier New\\", monospace",
                        "fontSize": "14px",
                        "hyphens": "none",
                        "msHyphens": "none",
                        "tabSize": "2",
                        "textShadow": "none",
                        "whiteSpace": "pre-wrap",
                        "wordWrap": "normal",
                      }
                    }
                  >
                    <span
                      className="linenumber react-syntax-highlighter-line-number"
                      key="line-number--1"
                      style={
                        Object {
                          "color": "#6f705e",
                          "display": "inline-block",
                          "minWidth": "2em",
                          "paddingRight": "1em",
                          "textAlign": "right",
                          "userSelect": "none",
                        }
                      }
                    >
                      1
                    </span>
                    <span
                      className="token"
                      key="code-segement1"
                      style={
                        Object {
                          "color": "#ef3b7d",
                        }
                      }
                    >
                      const
                    </span>
                    <span
                      key="code-segement2"
                      style={Object {}}
                    >
                       
                    </span>
                    <span
                      className="token function-variable function token maybe-class-name"
                      key="code-segement3"
                      style={Object {}}
                    >
                      BlogContent
                    </span>
                    <span
                      key="code-segement4"
                      style={Object {}}
                    >
                       
                    </span>
                    <span
                      className="token"
                      key="code-segement5"
                      style={
                        Object {
                          "color": "#a77afe",
                        }
                      }
                    >
                      =
                    </span>
                    <span
                      key="code-segement6"
                      style={Object {}}
                    >
                       
                    </span>
                    <span
                      className="token"
                      key="code-segement7"
                      style={
                        Object {
                          "color": "#bebec5",
                        }
                      }
                    >
                      (
                    </span>
                    <span
                      className="token parameter token"
                      key="code-segement8"
                      style={
                        Object {
                          "color": "#bebec5",
                        }
                      }
                    >
                      {
                    </span>
                    <span
                      className="token parameter"
                      key="code-segement9"
                      style={Object {}}
                    >
                       title
                    </span>
                    <span
                      className="token parameter token"
                      key="code-segement10"
                      style={
                        Object {
                          "color": "#bebec5",
                        }
                      }
                    >
                      ,
                    </span>
                    <span
                      className="token parameter"
                      key="code-segement11"
                      style={Object {}}
                    >
                       excerpt
                    </span>
                    <span
                      className="token parameter token"
                      key="code-segement12"
                      style={
                        Object {
                          "color": "#bebec5",
                        }
                      }
                    >
                      ,
                    </span>
                    <span
                      className="token parameter"
                      key="code-segement13"
                      style={Object {}}
                    >
                       content 
                    </span>
                    <span
                      className="token parameter token"
                      key="code-segement14"
                      style={
                        Object {
                          "color": "#bebec5",
                        }
                      }
                    >
                      }
                    </span>
                    <span
                      className="token"
                      key="code-segement15"
                      style={
                        Object {
                          "color": "#bebec5",
                        }
                      }
                    >
                      )
                    </span>
                    <span
                      key="code-segement16"
                      style={Object {}}
                    >
                       
                    </span>
                    <span
                      className="token arrow"
                      key="code-segement17"
                      style={
                        Object {
                          "color": "#a77afe",
                        }
                      }
                    >
                      =&gt;
                    </span>
                    <span
                      key="code-segement18"
                      style={Object {}}
                    >
                       
                    </span>
                    <span
                      className="token"
                      key="code-segement19"
                      style={
                        Object {
                          "color": "#bebec5",
                        }
                      }
                    >
                      {
                    </span>
                    <span
                      key="code-segement20"
                      style={Object {}}
                    >
                      

                    </span>
                    <span
                      className="linenumber react-syntax-highlighter-line-number"
                      key="line-number--2"
                      style={
                        Object {
                          "color": "#6f705e",
                          "display": "inline-block",
                          "minWidth": "2em",
                          "paddingRight": "1em",
                          "textAlign": "right",
                          "userSelect": "none",
                        }
                      }
                    >
                      2
                    </span>
                    <span
                      key="code-segement22"
                      style={Object {}}
                    >
                        
                    </span>
                    <span
                      className="token"
                      key="code-segement23"
                      style={
                        Object {
                          "color": "#ef3b7d",
                        }
                      }
                    >
                      return
                    </span>
                    <span
                      key="code-segement24"
                      style={Object {}}
                    >
                       
                    </span>
                    <span
                      className="token"
                      key="code-segement25"
                      style={
                        Object {
                          "color": "#bebec5",
                        }
                      }
                    >
                      (
                    </span>
                    <span
                      key="code-segement26"
                      style={Object {}}
                    >
                      

                    </span>
                    <span
                      className="linenumber react-syntax-highlighter-line-number"
                      key="line-number--3"
                      style={
                        Object {
                          "color": "#6f705e",
                          "display": "inline-block",
                          "minWidth": "2em",
                          "paddingRight": "1em",
                          "textAlign": "right",
                          "userSelect": "none",
                        }
                      }
                    >
                      3
                    </span>
                    <span
                      key="code-segement28"
                      style={Object {}}
                    >
                          
                    </span>
                    <span
                      className="token tag token tag token"
                      key="code-segement29"
                      style={
                        Object {
                          "color": "#bebec5",
                        }
                      }
                    >
                      &lt;
                    </span>
                    <span
                      className="token tag token tag token class-name"
                      key="code-segement30"
                      style={Object {}}
                    >
                      BlogPostContainer
                    </span>
                    <span
                      className="token tag token"
                      key="code-segement31"
                      style={
                        Object {
                          "color": "#bebec5",
                        }
                      }
                    >
                      &gt;
                    </span>
                    <span
                      className="token plain-text"
                      key="code-segement32"
                      style={Object {}}
                    >
                      

                    </span>
                    <span
                      className="linenumber react-syntax-highlighter-line-number"
                      key="line-number--4"
                      style={
                        Object {
                          "color": "#6f705e",
                          "display": "inline-block",
                          "minWidth": "2em",
                          "paddingRight": "1em",
                          "textAlign": "right",
                          "userSelect": "none",
                        }
                      }
                    >
                      4
                    </span>
                    <span
                      className="token plain-text"
                      key="code-segement34"
                      style={Object {}}
                    >
                            
                    </span>
                    <span
                      className="token tag token tag token"
                      key="code-segement35"
                      style={
                        Object {
                          "color": "#bebec5",
                        }
                      }
                    >
                      &lt;
                    </span>
                    <span
                      className="token tag token tag token class-name"
                      key="code-segement36"
                      style={Object {}}
                    >
                      BlogPostTitle
                    </span>
                    <span
                      className="token tag token"
                      key="code-segement37"
                      style={
                        Object {
                          "color": "#bebec5",
                        }
                      }
                    >
                      &gt;
                    </span>
                    <span
                      className="token"
                      key="code-segement38"
                      style={
                        Object {
                          "color": "#bebec5",
                        }
                      }
                    >
                      {
                    </span>
                    <span
                      key="code-segement39"
                      style={Object {}}
                    >
                      title
                    </span>
                    <span
                      className="token"
                      key="code-segement40"
                      style={
                        Object {
                          "color": "#bebec5",
                        }
                      }
                    >
                      }
                    </span>
                    <span
                      className="token tag token tag token"
                      key="code-segement41"
                      style={
                        Object {
                          "color": "#bebec5",
                        }
                      }
                    >
                      &lt;/
                    </span>
                    <span
                      className="token tag token tag token class-name"
                      key="code-segement42"
                      style={Object {}}
                    >
                      BlogPostTitle
                    </span>
                    <span
                      className="token tag token"
                      key="code-segement43"
                      style={
                        Object {
                          "color": "#bebec5",
                        }
                      }
                    >
                      &gt;
                    </span>
                    <span
                      className="token plain-text"
                      key="code-segement44"
                      style={Object {}}
                    >
                      

                    </span>
                    <span
                      className="linenumber react-syntax-highlighter-line-number"
                      key="line-number--5"
                      style={
                        Object {
                          "color": "#6f705e",
                          "display": "inline-block",
                          "minWidth": "2em",
                          "paddingRight": "1em",
                          "textAlign": "right",
                          "userSelect": "none",
                        }
                      }
                    >
                      5
                    </span>
                    <span
                      className="token plain-text"
                      key="code-segement46"
                      style={Object {}}
                    >
                            
                    </span>
                    <span
                      className="token tag token tag token"
                      key="code-segement47"
                      style={
                        Object {
                          "color": "#bebec5",
                        }
                      }
                    >
                      &lt;
                    </span>
                    <span
                      className="token tag token tag token class-name"
                      key="code-segement48"
                      style={Object {}}
                    >
                      BlogPostExcerpt
                    </span>
                    <span
                      className="token tag token"
                      key="code-segement49"
                      style={
                        Object {
                          "color": "#bebec5",
                        }
                      }
                    >
                      &gt;
                    </span>
                    <span
                      className="token"
                      key="code-segement50"
                      style={
                        Object {
                          "color": "#bebec5",
                        }
                      }
                    >
                      {
                    </span>
                    <span
                      key="code-segement51"
                      style={Object {}}
                    >
                      excerpt
                    </span>
                    <span
                      className="token"
                      key="code-segement52"
                      style={
                        Object {
                          "color": "#bebec5",
                        }
                      }
                    >
                      }
                    </span>
                    <span
                      className="token tag token tag token"
                      key="code-segement53"
                      style={
                        Object {
                          "color": "#bebec5",
                        }
                      }
                    >
                      &lt;/
                    </span>
                    <span
                      className="token tag token tag token class-name"
                      key="code-segement54"
                      style={Object {}}
                    >
                      BlogPostExcerpt
                    </span>
                    <span
                      className="token tag token"
                      key="code-segement55"
                      style={
                        Object {
                          "color": "#bebec5",
                        }
                      }
                    >
                      &gt;
                    </span>
                    <span
                      className="token plain-text"
                      key="code-segement56"
                      style={Object {}}
                    >
                      

                    </span>
                    <span
                      className="linenumber react-syntax-highlighter-line-number"
                      key="line-number--6"
                      style={
                        Object {
                          "color": "#6f705e",
                          "display": "inline-block",
                          "minWidth": "2em",
                          "paddingRight": "1em",
                          "textAlign": "right",
                          "userSelect": "none",
                        }
                      }
                    >
                      6
                    </span>
                    <span
                      className="token plain-text"
                      key="code-segement58"
                      style={Object {}}
                    >
                            
                    </span>
                    <span
                      className="token tag token tag token"
                      key="code-segement59"
                      style={
                        Object {
                          "color": "#bebec5",
                        }
                      }
                    >
                      &lt;
                    </span>
                    <span
                      className="token tag token tag token class-name"
                      key="code-segement60"
                      style={Object {}}
                    >
                      StyledMD
                    </span>
                    <span
                      className="token tag"
                      key="code-segement61"
                      style={Object {}}
                    >
                      

                    </span>
                    <span
                      className="linenumber react-syntax-highlighter-line-number"
                      key="line-number--7"
                      style={
                        Object {
                          "color": "#6f705e",
                          "display": "inline-block",
                          "minWidth": "2em",
                          "paddingRight": "1em",
                          "textAlign": "right",
                          "userSelect": "none",
                        }
                      }
                    >
                      7
                    </span>
                    <span
                      className="token tag"
                      key="code-segement63"
                      style={Object {}}
                    >
                              
                    </span>
                    <span
                      className="token tag token"
                      key="code-segement64"
                      style={
                        Object {
                          "color": "#e6d06c",
                        }
                      }
                    >
                      renderers
                    </span>
                    <span
                      className="token tag token script language-javascript token script-punctuation"
                      key="code-segement65"
                      style={
                        Object {
                          "color": "#bebec5",
                        }
                      }
                    >
                      =
                    </span>
                    <span
                      className="token tag token script language-javascript token"
                      key="code-segement66"
                      style={
                        Object {
                          "color": "#bebec5",
                        }
                      }
                    >
                      {
                    </span>
                    <span
                      className="token tag token script language-javascript token"
                      key="code-segement67"
                      style={
                        Object {
                          "color": "#bebec5",
                        }
                      }
                    >
                      {
                    </span>
                    <span
                      className="token tag token script language-javascript"
                      key="code-segement68"
                      style={Object {}}
                    >
                      

                    </span>
                    <span
                      className="linenumber react-syntax-highlighter-line-number"
                      key="line-number--8"
                      style={
                        Object {
                          "color": "#6f705e",
                          "display": "inline-block",
                          "minWidth": "2em",
                          "paddingRight": "1em",
                          "textAlign": "right",
                          "userSelect": "none",
                        }
                      }
                    >
                      8
                    </span>
                    <span
                      className="token tag token script language-javascript"
                      key="code-segement70"
                      style={Object {}}
                    >
                                code
                    </span>
                    <span
                      className="token tag token script language-javascript token"
                      key="code-segement71"
                      style={
                        Object {
                          "color": "#a77afe",
                        }
                      }
                    >
                      :
                    </span>
                    <span
                      className="token tag token script language-javascript"
                      key="code-segement72"
                      style={Object {}}
                    >
                       
                    </span>
                    <span
                      className="token tag token script language-javascript token maybe-class-name"
                      key="code-segement73"
                      style={Object {}}
                    >
                      CodeBlock
                    </span>
                    <span
                      className="token tag token script language-javascript token"
                      key="code-segement74"
                      style={
                        Object {
                          "color": "#bebec5",
                        }
                      }
                    >
                      ,
                    </span>
                    <span
                      className="token tag token script language-javascript"
                      key="code-segement75"
                      style={Object {}}
                    >
                      

                    </span>
                    <span
                      className="linenumber react-syntax-highlighter-line-number"
                      key="line-number--9"
                      style={
                        Object {
                          "color": "#6f705e",
                          "display": "inline-block",
                          "minWidth": "2em",
                          "paddingRight": "1em",
                          "textAlign": "right",
                          "userSelect": "none",
                        }
                      }
                    >
                      9
                    </span>
                    <span
                      className="token tag token script language-javascript"
                      key="code-segement77"
                      style={Object {}}
                    >
                              
                    </span>
                    <span
                      className="token tag token script language-javascript token"
                      key="code-segement78"
                      style={
                        Object {
                          "color": "#bebec5",
                        }
                      }
                    >
                      }
                    </span>
                    <span
                      className="token tag token script language-javascript token"
                      key="code-segement79"
                      style={
                        Object {
                          "color": "#bebec5",
                        }
                      }
                    >
                      }
                    </span>
                    <span
                      className="token tag"
                      key="code-segement80"
                      style={Object {}}
                    >
                      

                    </span>
                    <span
                      className="linenumber react-syntax-highlighter-line-number"
                      key="line-number--10"
                      style={
                        Object {
                          "color": "#6f705e",
                          "display": "inline-block",
                          "minWidth": "2em",
                          "paddingRight": "1em",
                          "textAlign": "right",
                          "userSelect": "none",
                        }
                      }
                    >
                      10
                    </span>
                    <span
                      className="token tag"
                      key="code-segement82"
                      style={Object {}}
                    >
                              
                    </span>
                    <span
                      className="token tag token"
                      key="code-segement83"
                      style={
                        Object {
                          "color": "#e6d06c",
                        }
                      }
                    >
                      source
                    </span>
                    <span
                      className="token tag token script language-javascript token script-punctuation"
                      key="code-segement84"
                      style={
                        Object {
                          "color": "#bebec5",
                        }
                      }
                    >
                      =
                    </span>
                    <span
                      className="token tag token script language-javascript token"
                      key="code-segement85"
                      style={
                        Object {
                          "color": "#bebec5",
                        }
                      }
                    >
                      {
                    </span>
                    <span
                      className="token tag token script language-javascript"
                      key="code-segement86"
                      style={Object {}}
                    >
                      content
                    </span>
                    <span
                      className="token tag token script language-javascript token"
                      key="code-segement87"
                      style={
                        Object {
                          "color": "#bebec5",
                        }
                      }
                    >
                      }
                    </span>
                    <span
                      className="token tag"
                      key="code-segement88"
                      style={Object {}}
                    >
                      

                    </span>
                    <span
                      className="linenumber react-syntax-highlighter-line-number"
                      key="line-number--11"
                      style={
                        Object {
                          "color": "#6f705e",
                          "display": "inline-block",
                          "minWidth": "2em",
                          "paddingRight": "1em",
                          "textAlign": "right",
                          "userSelect": "none",
                        }
                      }
                    >
                      11
                    </span>
                    <span
                      className="token tag"
                      key="code-segement90"
                      style={Object {}}
                    >
                            
                    </span>
                    <span
                      className="token tag token"
                      key="code-segement91"
                      style={
                        Object {
                          "color": "#bebec5",
                        }
                      }
                    >
                      /&gt;
                    </span>
                    <span
                      className="token plain-text"
                      key="code-segement92"
                      style={Object {}}
                    >
                      

                    </span>
                    <span
                      className="linenumber react-syntax-highlighter-line-number"
                      key="line-number--12"
                      style={
                        Object {
                          "color": "#6f705e",
                          "display": "inline-block",
                          "minWidth": "2em",
                          "paddingRight": "1em",
                          "textAlign": "right",
                          "userSelect": "none",
                        }
                      }
                    >
                      12
                    </span>
                    <span
                      className="token plain-text"
                      key="code-segement94"
                      style={Object {}}
                    >
                          
                    </span>
                    <span
                      className="token tag token tag token"
                      key="code-segement95"
                      style={
                        Object {
                          "color": "#bebec5",
                        }
                      }
                    >
                      &lt;/
                    </span>
                    <span
                      className="token tag token tag token class-name"
                      key="code-segement96"
                      style={Object {}}
                    >
                      BlogPostContainer
                    </span>
                    <span
                      className="token tag token"
                      key="code-segement97"
                      style={
                        Object {
                          "color": "#bebec5",
                        }
                      }
                    >
                      &gt;
                    </span>
                    <span
                      key="code-segement98"
                      style={Object {}}
                    >
                      

                    </span>
                    <span
                      className="linenumber react-syntax-highlighter-line-number"
                      key="line-number--13"
                      style={
                        Object {
                          "color": "#6f705e",
                          "display": "inline-block",
                          "minWidth": "2em",
                          "paddingRight": "1em",
                          "textAlign": "right",
                          "userSelect": "none",
                        }
                      }
                    >
                      13
                    </span>
                    <span
                      key="code-segement100"
                      style={Object {}}
                    >
                        
                    </span>
                    <span
                      className="token"
                      key="code-segement101"
                      style={
                        Object {
                          "color": "#bebec5",
                        }
                      }
                    >
                      )
                    </span>
                    <span
                      className="token"
                      key="code-segement102"
                      style={
                        Object {
                          "color": "#bebec5",
                        }
                      }
                    >
                      ;
                    </span>
                    <span
                      key="code-segement103"
                      style={Object {}}
                    >
                      

                    </span>
                    <span
                      className="linenumber react-syntax-highlighter-line-number"
                      key="line-number--14"
                      style={
                        Object {
                          "color": "#6f705e",
                          "display": "inline-block",
                          "minWidth": "2em",
                          "paddingRight": "1em",
                          "textAlign": "right",
                          "userSelect": "none",
                        }
                      }
                    >
                      14
                    </span>
                    <span
                      key="code-segement105"
                      style={Object {}}
                    />
                    <span
                      className="token"
                      key="code-segement106"
                      style={
                        Object {
                          "color": "#bebec5",
                        }
                      }
                    >
                      }
                    </span>
                    <span
                      className="token"
                      key="code-segement107"
                      style={
                        Object {
                          "color": "#bebec5",
                        }
                      }
                    >
                      ;
                    </span>
                  </code>
                </pre>
              </SyntaxHighlighter>
            </CodeBlock>
            <p
              key="paragraph-27-1-8"
            >
              <TextRenderer
                key="text-27-1-0"
                nodeKey="text-27-1-0"
                value="  For this, I use a package called "
              >
                  For this, I use a package called 
              </TextRenderer>
              <InlineCode
                inline={true}
                key="inlineCode-27-36-1"
                value="react-markdown"
              >
                <code>
                  react-markdown
                </code>
              </InlineCode>
              <TextRenderer
                key="text-27-52-2"
                nodeKey="text-27-52-2"
                value=". Can you see how this was inline-code?"
              >
                . Can you see how this was inline-code?
              </TextRenderer>
            </p>
            <Headings
              key="heading-28-1-9"
              level={1}
            >
              <h1>
                <span>
                  <TextRenderer
                    key="text-28-5-0"
                    nodeKey="text-28-5-0"
                    value="What about a table?"
                  >
                    What about a table?
                  </TextRenderer>
                </span>
              </h1>
            </Headings>
            <p
              key="paragraph-30-1-10"
            >
              <TextRenderer
                key="text-30-1-0"
                nodeKey="text-30-1-0"
                value="  Text"
              >
                  Text
              </TextRenderer>
            </p>
            <Headings
              key="heading-31-1-11"
              level={1}
            >
              <h1>
                <span>
                  <TextRenderer
                    key="text-31-5-0"
                    nodeKey="text-31-5-0"
                    value="Here is a unordered list and this is a h1"
                  >
                    Here is a unordered list and this is a h1
                  </TextRenderer>
                </span>
              </h1>
            </Headings>
            <p
              key="paragraph-33-1-12"
            >
              <TextRenderer
                key="text-33-1-0"
                nodeKey="text-33-1-0"
                value="  This list has content. Das hat der Bundesrat beschlossen:"
              >
                  This list has content. Das hat der Bundesrat beschlossen:
              </TextRenderer>
            </p>
            <List
              depth={0}
              key="list-35-1-13"
              ordered={false}
              start={null}
              tight={false}
            >
              <ul>
                <ListItem
                  checked={null}
                  index={0}
                  key="listItem-35-1-0"
                  ordered={false}
                  tight={true}
                >
                  <li>
                    <TextRenderer
                      key="text-35-5-0"
                      nodeKey="text-35-5-0"
                      value="Ab kommenden Montag ist fast alles so wie früher. Der Bundesrat hebt angesichts der guten Entwicklung fast alle Corona-Massnahmen auf."
                    >
                      Ab kommenden Montag ist fast alles so wie früher. Der Bundesrat hebt angesichts der guten Entwicklung fast alle Corona-Massnahmen auf.
                    </TextRenderer>
                  </li>
                </ListItem>
                <ListItem
                  checked={null}
                  index={1}
                  key="listItem-36-1-1"
                  ordered={false}
                  tight={true}
                >
                  <li>
                    <TextRenderer
                      key="text-36-5-0"
                      nodeKey="text-36-5-0"
                      value="Veranstaltungen bis 1000 Personen sind ab Montag wieder erlaubt. Das Verbot für Events mit über 1000 Teilnehmern bleibt wie schon seit Längerem angekündigt noch bis Ende August bestehen."
                    >
                      Veranstaltungen bis 1000 Personen sind ab Montag wieder erlaubt. Das Verbot für Events mit über 1000 Teilnehmern bleibt wie schon seit Längerem angekündigt noch bis Ende August bestehen.
                    </TextRenderer>
                  </li>
                </ListItem>
                <ListItem
                  checked={null}
                  index={2}
                  key="listItem-37-1-2"
                  ordered={false}
                  tight={false}
                >
                  <li>
                    <p
                      key="paragraph-37-5-0"
                    >
                      <TextRenderer
                        key="text-37-5-0"
                        nodeKey="text-37-5-0"
                        value="Die Abstandsregel wird gelockert. Neu empfiehlt der Bundesrat nicht mehr einen Abstand von 2, sondern 1,5 Metern. Die Regierung hat ausserdem die Vorgaben für die Schutzkonzepte vereinfacht und vereinheitlicht. Es gelten jetzt für alle die gleichen Richtlinien."
                      >
                        Die Abstandsregel wird gelockert. Neu empfiehlt der Bundesrat nicht mehr einen Abstand von 2, sondern 1,5 Metern. Die Regierung hat ausserdem die Vorgaben für die Schutzkonzepte vereinfacht und vereinheitlicht. Es gelten jetzt für alle die gleichen Richtlinien.
                      </TextRenderer>
                    </p>
                  </li>
                </ListItem>
              </ul>
            </List>
            <Headings
              key="heading-39-1-14"
              level={1}
            >
              <h1>
                <span>
                  <TextRenderer
                    key="text-39-3-0"
                    nodeKey="text-39-3-0"
                    value="What about a checklist?"
                  >
                    What about a checklist?
                  </TextRenderer>
                </span>
              </h1>
            </Headings>
            <List
              depth={0}
              key="list-41-1-15"
              ordered={false}
              start={null}
              tight={false}
            >
              <ul>
                <ListItem
                  checked={true}
                  index={0}
                  key="listItem-41-1-0"
                  ordered={false}
                  tight={true}
                >
                  <li>
                    <input
                      checked={true}
                      readOnly={true}
                      type="checkbox"
                    />
                    <TextRenderer
                      key="text-41-9-0"
                      nodeKey="text-41-9-0"
                      value="To be done"
                    >
                      To be done
                    </TextRenderer>
                  </li>
                </ListItem>
                <ListItem
                  checked={false}
                  index={1}
                  key="listItem-42-1-1"
                  ordered={false}
                  tight={true}
                >
                  <li>
                    <input
                      checked={false}
                      readOnly={true}
                      type="checkbox"
                    />
                    <TextRenderer
                      key="text-42-9-0"
                      nodeKey="text-42-9-0"
                      value="To be completed"
                    >
                      To be completed
                    </TextRenderer>
                  </li>
                </ListItem>
                <ListItem
                  checked={true}
                  index={2}
                  key="listItem-43-1-2"
                  ordered={false}
                  tight={false}
                >
                  <li>
                    <input
                      checked={true}
                      readOnly={true}
                      type="checkbox"
                    />
                    <p
                      key="paragraph-43-9-0"
                    >
                      <TextRenderer
                        key="text-43-9-0"
                        nodeKey="text-43-9-0"
                        value="Not done!"
                      >
                        Not done!
                      </TextRenderer>
                    </p>
                  </li>
                </ListItem>
              </ul>
            </List>
            <Headings
              key="heading-45-1-16"
              level={1}
            >
              <h1>
                <span>
                  <TextRenderer
                    key="text-45-3-0"
                    nodeKey="text-45-3-0"
                    value="Here is a numbered list and this is a h1"
                  >
                    Here is a numbered list and this is a h1
                  </TextRenderer>
                </span>
              </h1>
            </Headings>
            <List
              depth={0}
              key="list-47-1-17"
              ordered={true}
              start={1}
              tight={false}
            >
              <ol>
                <ListItem
                  checked={null}
                  index={0}
                  key="listItem-47-1-0"
                  ordered={true}
                  tight={true}
                >
                  <li>
                    <TextRenderer
                      key="text-47-6-0"
                      nodeKey="text-47-6-0"
                      value="This list has content. Das hat der Bundesrat beschlossen:"
                    >
                      This list has content. Das hat der Bundesrat beschlossen:
                    </TextRenderer>
                  </li>
                </ListItem>
                <ListItem
                  checked={null}
                  index={1}
                  key="listItem-48-1-1"
                  ordered={true}
                  tight={true}
                >
                  <li>
                    <TextRenderer
                      key="text-48-6-0"
                      nodeKey="text-48-6-0"
                      value="Ab kommenden Montag ist fast alles so wie früher. Der Bundesrat hebt angesichts der guten Entwicklung fast alle Corona-Massnahmen auf."
                    >
                      Ab kommenden Montag ist fast alles so wie früher. Der Bundesrat hebt angesichts der guten Entwicklung fast alle Corona-Massnahmen auf.
                    </TextRenderer>
                  </li>
                </ListItem>
                <ListItem
                  checked={null}
                  index={2}
                  key="listItem-49-1-2"
                  ordered={true}
                  tight={true}
                >
                  <li>
                    <TextRenderer
                      key="text-49-6-0"
                      nodeKey="text-49-6-0"
                      value="Veranstaltungen bis 1000 Personen sind ab Montag wieder erlaubt. Das Verbot für Events mit über 1000 Teilnehmern bleibt wie schon seit Längerem angekündigt noch bis Ende August bestehen."
                    >
                      Veranstaltungen bis 1000 Personen sind ab Montag wieder erlaubt. Das Verbot für Events mit über 1000 Teilnehmern bleibt wie schon seit Längerem angekündigt noch bis Ende August bestehen.
                    </TextRenderer>
                  </li>
                </ListItem>
                <ListItem
                  checked={null}
                  index={3}
                  key="listItem-50-1-3"
                  ordered={true}
                  tight={false}
                >
                  <li>
                    <p
                      key="paragraph-50-6-0"
                    >
                      <TextRenderer
                        key="text-50-6-0"
                        nodeKey="text-50-6-0"
                        value="Die Abstandsregel wird gelockert. Neu empfiehlt der Bundesrat nicht mehr einen Abstand von 2, sondern 1,5 Metern. Die Regierung hat ausserdem die Vorgaben für die Schutzkonzepte vereinfacht und vereinheitlicht. Es gelten jetzt für alle die gleichen Richtlinien."
                      >
                        Die Abstandsregel wird gelockert. Neu empfiehlt der Bundesrat nicht mehr einen Abstand von 2, sondern 1,5 Metern. Die Regierung hat ausserdem die Vorgaben für die Schutzkonzepte vereinfacht und vereinheitlicht. Es gelten jetzt für alle die gleichen Richtlinien.
                      </TextRenderer>
                    </p>
                  </li>
                </ListItem>
              </ol>
            </List>
            <Headings
              key="heading-52-1-18"
              level={1}
            >
              <h1>
                <span>
                  <TextRenderer
                    key="text-52-3-0"
                    nodeKey="text-52-3-0"
                    value="This section has different text styles applied to it and this is a h1"
                  >
                    This section has different text styles applied to it and this is a h1
                  </TextRenderer>
                </span>
              </h1>
            </Headings>
            <p
              key="paragraph-54-1-19"
            >
              <TextRenderer
                key="text-54-1-0"
                nodeKey="text-54-1-0"
                value="  Überall habe ein "
              >
                  Überall habe ein 
              </TextRenderer>
              <strong
                key="strong-54-20-1"
              >
                <TextRenderer
                  key="text-54-22-0"
                  nodeKey="text-54-22-0"
                  value="Lernprozess"
                >
                  Lernprozess
                </TextRenderer>
              </strong>
              <TextRenderer
                key="text-54-35-2"
                nodeKey="text-54-35-2"
                value=" stattgefunden, auch bei den "
              >
                 stattgefunden, auch bei den 
              </TextRenderer>
              <em
                key="emphasis-54-64-3"
              >
                <TextRenderer
                  key="text-54-65-0"
                  nodeKey="text-54-65-0"
                  value="Kantonen"
                >
                  Kantonen
                </TextRenderer>
              </em>
              <TextRenderer
                key="text-54-74-4"
                nodeKey="text-54-74-4"
                value=", sagt Bundespräsidentin Sommaruga auf die Frage, ob sie keine Angst hat, dass die Kantone überfordert sein werden. «"
              >
                , sagt Bundespräsidentin Sommaruga auf die Frage, ob sie keine Angst hat, dass die Kantone überfordert sein werden. «
              </TextRenderer>
              <em
                key="emphasis-54-191-5"
              >
                <TextRenderer
                  key="text-54-192-0"
                  nodeKey="text-54-192-0"
                  value="Dieser Lernprozess hilft jetzt, Entscheidungen zu fällen.» Sie gibt sich zuversichtlich."
                >
                  Dieser Lernprozess hilft jetzt, Entscheidungen zu fällen.» Sie gibt sich zuversichtlich.
                </TextRenderer>
              </em>
              <TextRenderer
                key="text-54-281-6"
                nodeKey="text-54-281-6"
                value=" «Jetzt mit 10 bis 35 Ansteckungen pro Tag macht es Sinn, gezielt einzugreifen.» Der Bund "
              >
                 «Jetzt mit 10 bis 35 Ansteckungen pro Tag macht es Sinn, gezielt einzugreifen.» Der Bund 
              </TextRenderer>
              <del
                key="delete-54-371-7"
              >
                <TextRenderer
                  key="text-54-373-0"
                  nodeKey="text-54-373-0"
                  value="verschwinde aber nicht einfach"
                >
                  verschwinde aber nicht einfach
                </TextRenderer>
              </del>
              <TextRenderer
                key="text-54-405-8"
                nodeKey="text-54-405-8"
                value=", man habe ein Monitoring und sei in einer «viel besseren Ausgangslage»."
              >
                , man habe ein Monitoring und sei in einer «viel besseren Ausgangslage».
              </TextRenderer>
            </p>
            <Headings
              key="heading-56-1-20"
              level={1}
            >
              <h1>
                <span>
                  <TextRenderer
                    key="text-56-3-0"
                    nodeKey="text-56-3-0"
                    value="This section will be a citation and is a h1"
                  >
                    This section will be a citation and is a h1
                  </TextRenderer>
                </span>
              </h1>
            </Headings>
            <p
              key="paragraph-58-1-21"
            >
              <TextRenderer
                key="text-58-1-0"
                nodeKey="text-58-1-0"
                value="  Gleichzeitig mit den Lockerungen wird auch die Homeoffice-Empfehlung gelockert, auch für die besonders gefährdeten Gruppen. Die seien nicht weniger gut geschützt, sagt Bundespräsidentin Sommaruga. Die Arbeitgeber hätten unverändert eine Fürsorge."
              >
                  Gleichzeitig mit den Lockerungen wird auch die Homeoffice-Empfehlung gelockert, auch für die besonders gefährdeten Gruppen. Die seien nicht weniger gut geschützt, sagt Bundespräsidentin Sommaruga. Die Arbeitgeber hätten unverändert eine Fürsorge.
              </TextRenderer>
            </p>
            <blockquote
              key="blockquote-60-1-22"
            >
              <p
                key="paragraph-60-5-0"
              >
                <TextRenderer
                  key="text-60-5-0"
                  nodeKey="text-60-5-0"
                  value="«Da hat sich nichts geändert.»"
                >
                  «Da hat sich nichts geändert.»
                </TextRenderer>
              </p>
            </blockquote>
            <p
              key="paragraph-62-1-23"
            >
              <TextRenderer
                key="text-62-1-0"
                nodeKey="text-62-1-0"
                value="  Berset ergänzt, dass der Abstand oder die Maske für alle gelte – also auch am Arbeitsplatz."
              >
                  Berset ergänzt, dass der Abstand oder die Maske für alle gelte – also auch am Arbeitsplatz.
              </TextRenderer>
            </p>
            <Headings
              key="heading-64-1-24"
              level={1}
            >
              <h1>
                <span>
                  <TextRenderer
                    key="text-64-3-0"
                    nodeKey="text-64-3-0"
                    value="Abstand halten, Masken oder andere Verhaltensregeln und ein Link..."
                  >
                    Abstand halten, Masken oder andere Verhaltensregeln und ein Link...
                  </TextRenderer>
                </span>
              </h1>
            </Headings>
            <p
              key="paragraph-66-1-25"
            >
              <TextRenderer
                key="text-66-1-0"
                nodeKey="text-66-1-0"
                value="  ...werden erst fallen, wenn es eine Impfung oder eine gute Behandlung gibt, sagt Alain Berset. Auch die 1,5 Meter Abstandsregeln sei notwendig. 1 Meter sei schon normal und es brauche einen zusätzlichen Abstand als im Normalfall. "
              >
                  ...werden erst fallen, wenn es eine Impfung oder eine gute Behandlung gibt, sagt Alain Berset. Auch die 1,5 Meter Abstandsregeln sei notwendig. 1 Meter sei schon normal und es brauche einen zusätzlichen Abstand als im Normalfall. 
              </TextRenderer>
              <Link
                href="https://www.blick.ch"
                key="link-66-233-1"
              >
                <a
                  href="https://www.blick.ch"
                  rel="noreferrer"
                  target="_blank"
                >
                  <TextRenderer
                    key="text-66-234-0"
                    nodeKey="text-66-234-0"
                    value="Ich arbeite beim Blick"
                  >
                    Ich arbeite beim Blick
                  </TextRenderer>
                </a>
              </Link>
              <TextRenderer
                key="text-66-279-2"
                nodeKey="text-66-279-2"
                value=". Das ist eine Newsagentur."
              >
                . Das ist eine Newsagentur.
              </TextRenderer>
            </p>
            <Headings
              key="heading-68-1-26"
              level={1}
            >
              <h1>
                <span>
                  <TextRenderer
                    key="text-68-3-0"
                    nodeKey="text-68-3-0"
                    value="Here is an image"
                  >
                    Here is an image
                  </TextRenderer>
                </span>
              </h1>
            </Headings>
            <p
              key="paragraph-70-1-27"
            >
              <Image
                alt="6288344351929447784604DJI_0017-1024x767.jpg"
                key="image-70-1-0"
                src="https://media.graphcms.com/xeBuhftsQPS4AxuxewLU"
              >
                <ProgressiveImage
                  placeholder="/static/img/placeholder.jpg"
                  src="https://media.graphcms.com/xeBuhftsQPS4AxuxewLU"
                >
                  <IntersectionObserver
                    disabled={false}
                    onChange={[Function]}
                    rootMargin="0% 0% 25%"
                    threshold={
                      Array [
                        0,
                      ]
                    }
                  >
                    <img
                      alt="portfolio-image"
                      src="/static/img/placeholder.jpg"
                    />
                  </IntersectionObserver>
                </ProgressiveImage>
              </Image>
            </p>
            <p
              key="paragraph-72-1-28"
            >
              <TextRenderer
                key="text-72-1-0"
                nodeKey="text-72-1-0"
                value="And last but not least, "
              >
                And last but not least, 
              </TextRenderer>
              <strong
                key="strong-72-25-1"
              >
                <TextRenderer
                  key="text-72-27-0"
                  nodeKey="text-72-27-0"
                  value="phatt text!"
                >
                  phatt text!
                </TextRenderer>
              </strong>
              <TextRenderer
                key="text-72-40-2"
                nodeKey="text-72-40-2"
                value="
  "
              >
                
  
              </TextRenderer>
            </p>
          </div>
        </Root>
      </ReactMarkdown>
    </markdownstyles__StyledMD>
  </Markdown>
   
</Component>
`;
