// Jest Snapshot v1, https://goo.gl/fbAQLP

exports[`Blog renders content component 1`] = `
<blog-contentstyles__BlogPostContainer>
  <blog-contentstyles__BlogPostTitle>
    Test Blogpost
  </blog-contentstyles__BlogPostTitle>
  <blog-contentstyles__BlogPostHeader>
    <blog-contentstyles__BlogPostTimes>
      <div>
        <MdAccessTime />
        <p>
          Posted: 
          June 1, 2020
        </p>
      </div>
      <div>
        <MdUpdate />
        <p>
          Updated: 
          June 15, 2020
        </p>
      </div>
    </blog-contentstyles__BlogPostTimes>
    <blog-contentstyles__ThemeToggleButton
      onClick={[Function]}
    >
      <div>
        <FaRegLightbulb />
        <p>
          Toggle 
          dark
           reading mode
        </p>
      </div>
    </blog-contentstyles__ThemeToggleButton>
  </blog-contentstyles__BlogPostHeader>
  <ThemeProvider
    theme={
      Object {
        "colors": Object {
          "accents": Object {
            "brightBlue": "#365952",
            "eggshell": "#53272D",
            "melon": "#034363",
          },
          "bgPrimary": "#f7f7f7",
          "bgSecondary": "#F1F1F1",
          "bgTertiary": "#b1b1b1",
          "pink": "#ff80a8",
          "textPrimary": "#121212",
          "textSecondary": "#222222",
        },
        "fontsizes": Object {
          "baseFontSize": "16px",
          "baseIconFontSize": "18px",
          "h1FontSize": "22px",
          "h2FontSize": "20px",
          "secondaryFontSize": "14px",
        },
      }
    }
  >
    <Markdown
      content="Fin oui eut sillons oui fausser encourt station souffle.Fin oui eut sillons oui fausser encourt station souffle.Fin oui eut sillons oui fausser encourt station souffle.Fin oui eut sillons oui fausser encourt station souffle.Fin oui eut sillons oui fausser encourt station souffle.Fin oui eut sillons oui fausser encourt station souffle.Fin oui eut sillons oui fausser encourt station souffle"
    />
  </ThemeProvider>
  <blog-contentstyles__IFrameWrapper>
    <blog-contentstyles__StyledIframe
      allow="accelerometer; autoplay; encrypted-media; gyroscope; picture-in-picture"
      allowFullScreen={true}
      src="https://www.youtube.com/embed/pasApdHn6Sw"
    />
  </blog-contentstyles__IFrameWrapper>
</blog-contentstyles__BlogPostContainer>
`;
